student@oem-ThinkPad-E14-Gen-4:~$ git --version
git version 2.34.1
student@oem-ThinkPad-E14-Gen-4:~$ git config --global user.name "Shalom-uwamahoro"
student@oem-ThinkPad-E14-Gen-4:~$ git config --global user.email "shalomuwamahoro@gmail.com"
student@oem-ThinkPad-E14-Gen-4:~$ mkdir git_101
student@oem-ThinkPad-E14-Gen-4:~$ ls
Downloads  git_101  Screenshots  snap
student@oem-ThinkPad-E14-Gen-4:~$ pwd
/home/student
student@oem-ThinkPad-E14-Gen-4:~$ cd git_101
student@oem-ThinkPad-E14-Gen-4:~/git_101$ pwd
/home/student/git_101
student@oem-ThinkPad-E14-Gen-4:~/git_101$ touch hello_git.txt
student@oem-ThinkPad-E14-Gen-4:~/git_101$ touch git_101.txt
student@oem-ThinkPad-E14-Gen-4:~/git_101$ ls
git_101.txt  hello_git.txt
student@oem-ThinkPad-E14-Gen-4:~/git_101$ git init
hint: Using 'master' as the name for the initial branch. This default branch name
hint: is subject to change. To configure the initial branch name to use in all
hint: of your new repositories, which will suppress this warning, call:
hint: 
hint: 	git config --global init.defaultBranch <name>
hint: 
hint: Names commonly chosen instead of 'master' are 'main', 'trunk' and
hint: 'development'. The just-created branch can be renamed via this command:
hint: 
hint: 	git branch -m <name>
Initialized empty Git repository in /home/student/git_101/.git/
student@oem-ThinkPad-E14-Gen-4:~/git_101$ git status
On branch master

No commits yet

Untracked files:
  (use "git add <file>..." to include in what will be committed)
	git_101.txt
	hello_git.txt

nothing added to commit but untracked files present (use "git add" to track)
student@oem-ThinkPad-E14-Gen-4:~/git_101$ git add.
git: 'add.' is not a git command. See 'git --help'.

The most similar command is
	add
student@oem-ThinkPad-E14-Gen-4:~/git_101$ git status
On branch master

No commits yet

Untracked files:
  (use "git add <file>..." to include in what will be committed)
	git_101.txt
	hello_git.txt

nothing added to commit but untracked files present (use "git add" to track)
student@oem-ThinkPad-E14-Gen-4:~/git_101$ git add .
student@oem-ThinkPad-E14-Gen-4:~/git_101$ git status
On branch master

No commits yet

Changes to be committed:
  (use "git rm --cached <file>..." to unstage)
	new file:   git_101.txt
	new file:   hello_git.txt

student@oem-ThinkPad-E14-Gen-4:~/git_101$ git commit -m "added two files"
[master (root-commit) c8bef58] added two files
 2 files changed, 0 insertions(+), 0 deletions(-)
 create mode 100644 git_101.txt
 create mode 100644 hello_git.txt
student@oem-ThinkPad-E14-Gen-4:~/git_101$ git remote add origin https://github.com/Shalom-uwamahoro/dev--101.git
student@oem-ThinkPad-E14-Gen-4:~/git_101$ git push origin master
Username for 'https://github.com': Shalom-uwamahoro
Password for 'https://Shalom-uwamahoro@github.com': 
remote: Support for password authentication was removed on August 13, 2021.
remote: Please see https://docs.github.com/en/get-started/getting-started-with-git/about-remote-repositories#cloning-with-https-urls for information on currently recommended modes of authentication.
fatal: Authentication failed for 'https://github.com/Shalom-uwamahoro/dev--101.git/'
student@oem-ThinkPad-E14-Gen-4:~/git_101$ git push origin master
Username for 'https://github.com': Shalom-uwamahoro
Password for 'https://Shalom-uwamahoro@github.com': 
Enumerating objects: 3, done.
Counting objects: 100% (3/3), done.
Delta compression using up to 8 threads
Compressing objects: 100% (2/2), done.
Writing objects: 100% (3/3), 234 bytes | 234.00 KiB/s, done.
Total 3 (delta 0), reused 0 (delta 0), pack-reused 0
To https://github.com/Shalom-uwamahoro/dev--101.git
 * [new branch]      master -> master
student@oem-ThinkPad-E14-Gen-4:~/git_101$ 

